// Vitest Snapshot v1, https://vitest.dev/guide/snapshot.html

exports[`Sparkline snapshots > matches the area variant snapshot 1`] = `"<span class="inline-flex items-center gap-1.5 align-middle"><svg role="img" aria-label="sparkline" class="block" width="120" height="32" viewBox="0 0 120 32"><!----><!----><polygon stroke="none" points="0.00,30.75 30.00,16.00 60.00,23.38 90.00,1.25 120.00,8.63 120.00,30.75 0.00,30.75" fill="#4ca7e633"></polygon><polyline fill="none" stroke-linecap="round" stroke-linejoin="round" stroke-width="1.25" points="0.00,30.75 30.00,16.00 60.00,23.38 90.00,1.25 120.00,8.63" stroke="#4ca7e6"></polyline><!----><!----></svg> <!----></span>"`;

exports[`Sparkline snapshots > matches the bars variant snapshot 1`] = `"<span class="inline-flex items-center gap-1.5 align-middle"><svg role="img" aria-label="sparkline" class="block" width="120" height="32" viewBox="0 0 120 32"><!----><!----><!----><rect rx="0.5" x="0.50" y="30.75" width="23.00" height="0.50" fill="#4ca7e6"></rect><rect rx="0.5" x="24.50" y="16.00" width="23.00" height="14.75" fill="#4ca7e6"></rect><rect rx="0.5" x="48.50" y="23.38" width="23.00" height="7.38" fill="#4ca7e6"></rect><rect rx="0.5" x="72.50" y="1.25" width="23.00" height="29.50" fill="#4ca7e6"></rect><rect rx="0.5" x="96.50" y="8.63" width="23.00" height="22.13" fill="#4ca7e6"></rect><!----><!----></svg> <!----></span>"`;

exports[`Sparkline snapshots > matches the line variant snapshot 1`] = `"<span class="inline-flex items-center gap-1.5 align-middle"><svg role="img" aria-label="sparkline" class="block" width="120" height="32" viewBox="0 0 120 32"><!----><!----><polyline fill="none" stroke-linecap="round" stroke-linejoin="round" stroke-width="1.25" points="0.00,30.75 30.00,16.00 60.00,23.38 90.00,1.25 120.00,8.63" stroke="#4ca7e6"></polyline><!----><!----></svg> <!----></span>"`;
