// Vitest Snapshot v1, https://vitest.dev/guide/snapshot.html

exports[`UpdaterBanner snapshots > matches the available snapshot 1`] = `"<!----><div role="status" class="w-full border-b text-xs flex items-center gap-3 px-4 py-2 z-30 relative bg-bg-surface border-border-subtle text-text-primary"><span class="flex-1 truncate">IronClaw v0.1.14 is available <!----></span> <!----> <button type="button" class="px-3 py-1.5 rounded-md bg-accent-cyan text-bg-deep text-xs font-semibold hover:brightness-110 transition min-h-[32px]">Install now</button> <button type="button" class="text-text-muted hover:text-text-primary transition-colors text-xs">Later</button> <button type="button" class="text-text-muted hover:text-text-primary transition-colors text-xs" title="Hide until a newer version ships">Skip this version</button><!----></div> <!---->"`;

exports[`UpdaterBanner snapshots > matches the downloading snapshot 1`] = `"<!----><div role="status" class="w-full border-b text-xs flex items-center gap-3 px-4 py-2 z-30 relative bg-bg-surface border-border-subtle text-text-primary"><span class="flex-1 truncate">Downloading 42%… <!----></span> <div class="w-32 h-1.5 bg-bg-deep rounded overflow-hidden"><div class="h-full bg-accent-cyan transition-[width] duration-150" style="width: 42%;"></div></div><!----> <!----></div> <!---->"`;

exports[`UpdaterBanner snapshots > matches the error snapshot 1`] = `"<!----><div role="status" class="w-full border-b text-xs flex items-center gap-3 px-4 py-2 z-30 relative bg-red-950 border-red-800 text-red-200"><span class="flex-1 truncate" title="Signature verification failed">Signature verification failed <!----></span> <!----> <button type="button" class="px-3 py-1.5 rounded-md border border-red-400 text-red-200 text-xs font-semibold hover:bg-red-900 transition min-h-[32px]">Retry</button> <button type="button" class="text-red-300 hover:text-red-100 transition-colors text-xs">Dismiss</button><!----></div> <!---->"`;

exports[`UpdaterBanner snapshots > matches the idle (hidden) snapshot 1`] = `"<!---->"`;
